
[1m=== Cleaning up old test data ===[0m
Cleanup complete.

[1m=== 1. Testing Authentication Flow ===[0m
[92m[PASS][0m Teacher Registration
[92m[PASS][0m Student Registration
[92m[PASS][0m Teacher Login
[92m[PASS][0m Student Login

[1m=== 2. Testing Course Management ===[0m
[92m[PASS][0m Course Created: Full Suite Test Course
[92m[PASS][0m Sections Created
[92m[PASS][0m Lessons Created
[91m[FAIL][0m Nested Quiz Creation Failed (Known Issue)

--- Create Assignment Lesson ---
[91m[FAIL][0m Assignment Lesson Creation Failed: 404 - b'<!DOCTYPE html>\n<html lang="en">\n<head>\n  <meta http-equiv="content-type" content="text/html; charset=utf-8">\n  <title>Page not found at /api/lessons/</title>\n  <meta name="robots" content="NONE,NOARCHIVE">\n  <style>\n    html * { padding:0; margin:0; }\n    body * { padding:10px 20px; }\n    body * * { padding:0; }\n    body { font-family: sans-serif; background:#eee; color:#000; }\n    body > :where(header, main, footer) { border-bottom:1px solid #ddd; }\n    h1 { font-weight:normal; margin-bottom:.4em; }\n    h1 small { font-size:60%; color:#666; font-weight:normal; }\n    table { border:none; border-collapse: collapse; width:100%; }\n    td, th { vertical-align:top; padding:2px 3px; }\n    th { width:12em; text-align:right; color:#666; padding-right:.5em; }\n    #info { background:#f6f6f6; }\n    #info ol { margin: 0.5em 4em; }\n    #info ol li { font-family: monospace; }\n    #summary { background: #ffc; }\n    #explanation { background:#eee; border-bottom: 0px none; }\n    pre.exception_value { font-family: sans-serif; color: #575757; font-size: 1.5em; margin: 10px 0 10px 0; }\n  </style>\n</head>\n<body>\n  <header id="summary">\n    <h1>Page not found <small>(404)</small></h1>\n    \n    <table class="meta">\n      <tr>\n        <th scope="row">Request Method:</th>\n        <td>POST</td>\n      </tr>\n      <tr>\n        <th scope="row">Request URL:</th>\n        <td>http://localhost/api/lessons/</td>\n      </tr>\n      \n    </table>\n  </header>\n\n  <main id="info">\n    \n      <p>\n      Using the URLconf defined in <code>imra_backend.urls</code>,\n      Django tried these URL patterns, in this order:\n      </p>\n      <ol>\n        \n          <li>\n            \n              <code>\n                admin/\n                \n              </code>\n            \n          </li>\n        \n          <li>\n            \n              <code>\n                api/token/\n                [name=\'token_obtain_pair\']\n              </code>\n            \n          </li>\n        \n          <li>\n            \n              <code>\n                api/token/refresh/\n                [name=\'token_refresh\']\n              </code>\n            \n          </li>\n        \n          <li>\n            \n              <code>\n                api/\n                \n              </code>\n            \n              <code>\n                auth/register/\n                [name=\'register\']\n              </code>\n            \n          </li>\n        \n          <li>\n            \n              <code>\n                api/\n                \n              </code>\n            \n              <code>\n                auth/profile/\n                [name=\'profile\']\n              </code>\n            \n          </li>\n        \n          <li>\n            \n              <code>\n                api/\n                \n              </code>\n            \n              <code>\n                courses/\n                [name=\'course-list\']\n              </code>\n            \n          </li>\n        \n          <li>\n            \n              <code>\n                api/\n                \n              </code>\n            \n              <code>\n                courses/&lt;int:pk&gt;/\n                [name=\'course-detail\']\n              </code>\n            \n          </li>\n        \n          <li>\n            \n              <code>\n                api/\n                \n              </code>\n            \n              <code>\n                courses/&lt;int:pk&gt;/enroll/\n                [name=\'enroll\']\n              </code>\n            \n          </li>\n        \n          <li>\n            \n              <code>\n                api/\n                \n              </code>\n            \n              <code>\n                courses/invite/\n                [name=\'invite-student\']\n              </code>\n            \n          </li>\n        \n          <li>\n            \n              <code>\n                api/\n                \n              </code>\n            \n              <code>\n                learning/add-xp/\n                [name=\'add-xp\']\n              </code>\n            \n          </li>\n        \n          <li>\n            \n              <code>\n                api/\n                \n              </code>\n            \n              <code>\n                lessons/&lt;int:pk&gt;/toggle-completion/\n                [name=\'toggle-completion\']\n              </code>\n            \n          </li>\n        \n          <li>\n            \n              <code>\n                api/\n                \n              </code>\n            \n              <code>\n                lessons/&lt;int:pk&gt;/video/\n                [name=\'lesson-video-upload\']\n              </code>\n            \n          </li>\n        \n          <li>\n            \n              <code>\n                api/\n                \n              </code>\n            \n              <code>\n                lessons/&lt;int:lesson_pk&gt;/resources/\n                [name=\'resource-create\']\n              </code>\n            \n          </li>\n        \n          <li>\n            \n              <code>\n                api/\n                \n              </code>\n            \n              <code>\n                quizzes/&lt;int:pk&gt;/submit/\n                [name=\'quiz-submit\']\n              </code>\n            \n          </li>\n        \n          <li>\n            \n              <code>\n                api/\n                \n              </code>\n            \n              <code>\n                quizzes/student-analytics/\n                [name=\'student-analytics\']\n              </code>\n            \n          </li>\n        \n          <li>\n            \n              <code>\n                api/\n                \n              </code>\n            \n              <code>\n                resources/&lt;int:pk&gt;/\n                [name=\'resource-delete\']\n              </code>\n            \n          </li>\n        \n          <li>\n            \n              <code>\n                api/\n                \n              </code>\n            \n              <code>\n                notifications/\n                [name=\'notification-list\']\n              </code>\n            \n          </li>\n        \n          <li>\n            \n              <code>\n                api/\n                \n              </code>\n            \n              <code>\n                notifications/&lt;int:pk&gt;/read/\n                [name=\'mark-notification-read\']\n              </code>\n            \n          </li>\n        \n          <li>\n            \n              <code>\n                api/\n                \n              </code>\n            \n              <code>\n                notifications/mark-all-read/\n                [name=\'mark-all-read\']\n              </code>\n            \n          </li>\n        \n          <li>\n            \n              <code>\n                api/\n                \n              </code>\n            \n              <code>\n                notifications/clear/\n                [name=\'clear-notifications\']\n              </code>\n            \n          </li>\n        \n          <li>\n            \n              <code>\n                api/\n                \n              </code>\n            \n              <code>\n                membership/upgrade/\n                [name=\'upgrade-membership\']\n              </code>\n            \n          </li>\n        \n          <li>\n            \n              <code>\n                api/\n                \n              </code>\n            \n              <code>\n                discussions/\n                [name=\'discussion-list\']\n              </code>\n            \n          </li>\n        \n          <li>\n            \n              <code>\n                api/\n                \n              </code>\n            \n              <code>\n                discussions/&lt;int:pk&gt;/\n                [name=\'discussion-detail\']\n              </code>\n            \n          </li>\n        \n          <li>\n            \n              <code>\n                api/\n                \n              </code>\n            \n              <code>\n                discussions/&lt;int:pk&gt;/reply/\n                [name=\'reply-create\']\n              </code>\n            \n          </li>\n        \n          <li>\n            \n              <code>\n                api/\n                \n              </code>\n            \n              <code>\n                discussions/&lt;int:pk&gt;/like/\n                [name=\'like-discussion\']\n              </code>\n            \n          </li>\n        \n          <li>\n            \n              <code>\n                api/\n                \n              </code>\n            \n              <code>\n                replies/&lt;int:pk&gt;/like/\n                [name=\'like-reply\']\n              </code>\n            \n          </li>\n        \n          <li>\n            \n              <code>\n                api/\n                \n              </code>\n            \n              <code>\n                analytics/\n                [name=\'analytics\']\n              </code>\n            \n          </li>\n        \n          <li>\n            \n              <code>\n                api/\n                \n              </code>\n            \n              <code>\n                certificates/\n                [name=\'certificate-list\']\n              </code>\n            \n          </li>\n        \n          <li>\n            \n              <code>\n                api/\n                \n              </code>\n            \n              <code>\n                certificates/&lt;str:certificate_id&gt;/\n                [name=\'certificate-detail\']\n              </code>\n            \n          </li>\n        \n          <li>\n            \n              <code>\n                api/\n                \n              </code>\n            \n              <code>\n                live-sessions/\n                [name=\'live-session-list\']\n              </code>\n            \n          </li>\n        \n          <li>\n            \n              <code>\n                api/\n                \n              </code>\n            \n              <code>\n                live-sessions/&lt;int:pk&gt;/\n                [name=\'live-session-detail\']\n              </code>\n            \n          </li>\n        \n          <li>\n            \n              <code>\n                api/\n                \n              </code>\n            \n              <code>\n                live-sessions/&lt;int:pk&gt;/start/\n                [name=\'live-session-start\']\n              </code>\n            \n          </li>\n        \n          <li>\n            \n              <code>\n                api/\n                \n              </code>\n            \n              <code>\n                live-sessions/&lt;int:pk&gt;/end/\n                [name=\'live-session-end\']\n              </code>\n            \n          </li>\n        \n          <li>\n            \n              <code>\n                api/\n                \n              </code>\n            \n              <code>\n                leaderboard/\n                [name=\'leaderboard\']\n              </code>\n            \n          </li>\n        \n          <li>\n            \n              <code>\n                api/\n                \n              </code>\n            \n              <code>\n                courses/&lt;int:course_pk&gt;/reviews/\n                [name=\'course-reviews\']\n              </code>\n            \n          </li>\n        \n          <li>\n            \n              <code>\n                api/\n                \n              </code>\n            \n              <code>\n                dashboard/pending-tasks/\n                [name=\'pending-tasks\']\n              </code>\n            \n          </li>\n        \n          <li>\n            \n              <code>\n                api/\n                \n              </code>\n            \n              <code>\n                dashboard/upcoming-classes/\n                [name=\'upcoming-classes\']\n              </code>\n            \n          </li>\n        \n          <li>\n            \n              <code>\n                api/\n                \n              </code>\n            \n              <code>\n                dashboard/recent-activity/\n                [name=\'recent-activity\']\n              </code>\n            \n          </li>\n        \n          <li>\n            \n              <code>\n                api/\n                \n              </code>\n            \n              <code>\n                lessons/&lt;int:lesson_pk&gt;/assignment/\n                [name=\'assignment-create\']\n              </code>\n            \n          </li>\n        \n          <li>\n            \n              <code>\n                api/\n                \n              </code>\n            \n              <code>\n                assignments/&lt;int:pk&gt;/submit/\n                [name=\'assignment-submit\']\n              </code>\n            \n          </li>\n        \n          <li>\n            \n              <code>\n                api/\n                \n              </code>\n            \n              <code>\n                submissions/&lt;int:pk&gt;/grade/\n                [name=\'assignment-grade\']\n              </code>\n            \n          </li>\n        \n          <li>\n            \n              <code>\n                api/\n                \n              </code>\n            \n              <code>\n                orders/\n                [name=\'order-list-create\']\n              </code>\n            \n          </li>\n        \n          <li>\n            \n              <code>\n                api/\n                \n              </code>\n            \n              <code>\n                payments/create-intent/\n                [name=\'payment-create-intent\']\n              </code>\n            \n          </li>\n        \n          <li>\n            \n              <code>\n                api/\n                \n              </code>\n            \n              <code>\n                payments/confirm/\n                [name=\'payment-confirm\']\n              </code>\n            \n          </li>\n        \n          <li>\n            \n              <code>\n                ^media/(?P&lt;path&gt;.*)$\n                \n              </code>\n            \n          </li>\n        \n          <li>\n            \n              <code>\n                ^static/(?P&lt;path&gt;.*)$\n                \n              </code>\n            \n          </li>\n        \n      </ol>\n      <p>\n        \n          The current path, <code>api/lessons/</code>,\n        \n        didn\xe2\x80\x99t match any of these.\n      </p>\n    \n  </main>\n\n  <footer id="explanation">\n    <p>\n      You\xe2\x80\x99re seeing this error because you have <code>DEBUG = True</code> in\n      your Django settings file. Change that to <code>False</code>, and Django\n      will display a standard 404 page.\n    </p>\n  </footer>\n</body>\n</html>\n'

[1m=== 3. Testing Payments ===[0m
[92m[PASS][0m Payment Intent Created
[92m[PASS][0m Payment Confirmed
[92m[PASS][0m Enrollment Verification (via Payment)

[1m=== 4. Testing Assessments ===[0m
[92m[PASS][0m Quiz Submission

--- Testing Assignment Flow ---
[91m[FAIL][0m Skipping Assignment Test - No Assignment ID

[1m=== Cleaning up old test data ===[0m
Cleanup complete.
